// Jest Snapshot v1, https://goo.gl/fbAQLP

exports[`fetch reducer has a default state 1`] = `
Object {
  "cards": Array [],
}
`;
